[04:41:51] [ServerMain/INFO]: [bootstrap] Running Java 21 (OpenJDK 64-Bit Server VM 21.0.9+10-Ubuntu-124.04; Ubuntu null) on Linux 6.8.0-1030-azure (amd64)
[04:41:51] [ServerMain/INFO]: [bootstrap] Loading Paper 1.21.8-6-main@782ce95 (2025-07-18T20:26:58Z) for Minecraft 1.21.8
[04:41:51] [ServerMain/INFO]: [PluginInitializerManager] Initializing plugins...
[04:41:52] [Paper Plugin Remapper Thread - 1/INFO]: [ReobfServer] Remapping server...
[04:42:01] [Paper Plugin Remapper Thread - 1/INFO]: [ReobfServer] Done remapping server in 9472ms.
[04:42:01] [Paper Plugin Remapper Thread - 2/INFO]: [PluginRemapper] Remapping plugin 'plugins/SkinsRestorer.jar'...
[04:42:03] [Paper Plugin Remapper Thread - 2/INFO]: [PluginRemapper] Done remapping plugin 'plugins/SkinsRestorer.jar' in 2134ms.
[04:42:04] [ServerMain/INFO]: [PluginInitializerManager] Initialized 1 plugin
[04:42:04] [ServerMain/INFO]: [PluginInitializerManager] Bukkit plugins (1):
 - SkinsRestorer (15.7.10)
[04:42:12] [ServerMain/INFO]: Environment: Environment[sessionHost=https://sessionserver.mojang.com, servicesHost=https://api.minecraftservices.com, name=PROD]
[04:42:13] [ServerMain/WARN]: Missing data pack fabric
[04:42:13] [ServerMain/WARN]: Missing data pack fabric-convention-tags-v2
[04:42:13] [ServerMain/INFO]: Found new data pack file/bukkit, loading it automatically
[04:42:13] [ServerMain/INFO]: Found new data pack paper, loading it automatically
[04:42:16] [ServerMain/INFO]: Loaded 1407 recipes
[04:42:16] [ServerMain/INFO]: Loaded 1520 advancements
[04:42:16] [ServerMain/INFO]: [ca.spottedleaf.dataconverter.minecraft.datatypes.MCTypeRegistry] Initialising converters for DataConverter...
[04:42:16] [ServerMain/INFO]: [ca.spottedleaf.dataconverter.minecraft.datatypes.MCTypeRegistry] Finished initialising converters for DataConverter in 829.4ms
[04:42:17] [Server thread/INFO]: Starting minecraft server version 1.21.8
[04:42:17] [Server thread/INFO]: Loading properties
[04:42:17] [Server thread/INFO]: This server is running Paper version 1.21.8-6-main@782ce95 (2025-07-18T20:26:58Z) (Implementing API version 1.21.8-R0.1-SNAPSHOT)
[04:42:17] [Server thread/INFO]: [spark] This server bundles the spark profiler. For more information please visit https://docs.papermc.io/paper/profiling
[04:42:17] [Server thread/INFO]: Server Ping Player Sample Count: 12
[04:42:17] [Server thread/INFO]: Using 4 threads for Netty based IO
[04:42:18] [Server thread/INFO]: [MoonriseCommon] Paper is using 1 worker threads, 1 I/O threads
[04:42:18] [Server thread/INFO]: [ChunkTaskScheduler] Chunk system is using population gen parallelism: true
[04:42:19] [Server thread/INFO]: Default game type: SURVIVAL
[04:42:19] [Server thread/INFO]: Generating keypair
[04:42:19] [Server thread/INFO]: Starting Minecraft server on *:25565
[04:42:19] [Server thread/INFO]: Using epoll channel type
[04:42:19] [Server thread/INFO]: Paper: Using libdeflate (Linux x86_64) compression from Velocity.
[04:42:19] [Server thread/INFO]: Paper: Using OpenSSL 3.x.x (Linux x86_64) cipher from Velocity.
[04:42:19] [Server thread/INFO]: [SkinsRestorer] Loading server plugin SkinsRestorer v15.7.10
[04:42:19] [Server thread/INFO]: [SkinsRestorer] Enabling SkinsRestorer v15.7.10
[04:42:21] [Server thread/INFO]: [SkinsRestorer] Running on Minecraft 1.21.8.
[04:42:22] [Server thread/INFO]: [SkinsRestorer] Using paper join listener!
[04:42:22] [Server thread/WARN]: **** SERVER IS RUNNING IN OFFLINE/INSECURE MODE!
[04:42:22] [Server thread/WARN]: The server will make no attempt to authenticate usernames. Beware.
[04:42:22] [Server thread/WARN]: While this makes the game possible to play without internet access, it also opens up the ability for hackers to connect with any username they choose.
[04:42:22] [Server thread/WARN]: To change this, set "online-mode" to "true" in the server.properties file.
[04:42:22] [Server thread/INFO]: Preparing level "world"
[04:42:23] [Folia Async Scheduler Thread #2/INFO]: [SkinsRestorer] ----------------------------------------------
[04:42:23] [Folia Async Scheduler Thread #2/INFO]: [SkinsRestorer]     +==================+
[04:42:23] [Folia Async Scheduler Thread #2/INFO]: [SkinsRestorer]     |   SkinsRestorer  |
[04:42:23] [Folia Async Scheduler Thread #2/INFO]: [SkinsRestorer]     |------------------|
[04:42:23] [Folia Async Scheduler Thread #2/INFO]: [SkinsRestorer]     |  Standalone Mode |
[04:42:23] [Folia Async Scheduler Thread #2/INFO]: [SkinsRestorer]     +==================+
[04:42:23] [Folia Async Scheduler Thread #2/INFO]: [SkinsRestorer] ----------------------------------------------
[04:42:23] [Folia Async Scheduler Thread #2/INFO]: [SkinsRestorer]     Version: 15.7.10
[04:42:23] [Folia Async Scheduler Thread #2/INFO]: [SkinsRestorer]     Commit: 19ef760
[04:42:23] [Folia Async Scheduler Thread #2/INFO]: [SkinsRestorer]     A new version (15.9.0) is available! Downloading update...
[04:42:23] [Folia Async Scheduler Thread #2/INFO]: [SkinsRestorer] ----------------------------------------------
[04:42:23] [Folia Async Scheduler Thread #2/INFO]: [SkinsRestorer] Do you have issues? Read our troubleshooting guide: https://skinsrestorer.net/docs/troubleshooting
[04:42:23] [Folia Async Scheduler Thread #2/INFO]: [SkinsRestorer] Want to support SkinsRestorer? Consider donating: https://skinsrestorer.net/donate
[04:42:23] [Folia Async Scheduler Thread #2/INFO]: [SkinsRestorer] [GitHubUpdate] Downloading update...
[04:42:23] [Server thread/INFO]: ---- Migration of old nether folder required ----
[04:42:23] [Server thread/INFO]: Unfortunately due to the way that Minecraft implemented multiworld support in 1.6, Bukkit requires that you move your nether folder to a new location in order to operate correctly.
[04:42:23] [Server thread/INFO]: We will move this folder for you, but it will mean that you need to move it back should you wish to stop using Bukkit in the future.
[04:42:23] [Server thread/INFO]: Attempting to move world/DIM-1 to world_nether/DIM-1...
[04:42:23] [Server thread/INFO]: Success! To restore nether in the future, simply move world_nether/DIM-1 to world/DIM-1
[04:42:23] [Server thread/INFO]: ---- Migration of old nether folder complete ----
[04:42:24] [Server thread/INFO]: ---- Migration of old the_end folder required ----
[04:42:24] [Server thread/INFO]: Unfortunately due to the way that Minecraft implemented multiworld support in 1.6, Bukkit requires that you move your the_end folder to a new location in order to operate correctly.
[04:42:24] [Server thread/INFO]: We will move this folder for you, but it will mean that you need to move it back should you wish to stop using Bukkit in the future.
[04:42:24] [Server thread/INFO]: Attempting to move world/DIM1 to world_the_end/DIM1...
[04:42:24] [Server thread/INFO]: Success! To restore the_end in the future, simply move world_the_end/DIM1 to world/DIM1
[04:42:24] [Server thread/INFO]: ---- Migration of old the_end folder complete ----
[04:42:24] [Server thread/INFO]: Preparing start region for dimension minecraft:overworld
[04:42:24] [Folia Async Scheduler Thread #2/INFO]: [SkinsRestorer] [GitHubUpdate] Downloaded update in 1276ms
[04:42:24] [Folia Async Scheduler Thread #2/INFO]: [SkinsRestorer] [GitHubUpdate] Update saved as SkinsRestorer.jar
[04:42:24] [Folia Async Scheduler Thread #2/INFO]: [SkinsRestorer] [GitHubUpdate] The update will be loaded on the next server restart
[04:42:24] [Server thread/INFO]: Preparing spawn area: 0%
[04:42:24] [Server thread/INFO]: Preparing spawn area: 2%
[04:42:25] [Server thread/INFO]: Preparing spawn area: 2%
[04:42:26] [Server thread/INFO]: Preparing spawn area: 22%
[04:42:26] [Server thread/INFO]: Preparing spawn area: 22%
[04:42:26] [Server thread/INFO]: Time elapsed: 2157 ms
[04:42:26] [Server thread/INFO]: Preparing start region for dimension minecraft:the_nether
[04:42:26] [Server thread/INFO]: Preparing spawn area: 0%
[04:42:26] [Server thread/INFO]: Preparing spawn area: 0%
[04:42:27] [Server thread/INFO]: Preparing spawn area: 0%
[04:42:27] [Server thread/INFO]: Preparing spawn area: 0%
[04:42:28] [Server thread/INFO]: Preparing spawn area: 0%
[04:42:28] [Server thread/INFO]: Preparing spawn area: 0%
[04:42:29] [Server thread/INFO]: Preparing spawn area: 0%
[04:42:30] [Server thread/INFO]: Preparing spawn area: 0%
[04:42:30] [Server thread/INFO]: Preparing spawn area: 0%
[04:42:30] [Server thread/INFO]: Preparing spawn area: 0%
[04:42:31] [Server thread/INFO]: Preparing spawn area: 0%
[04:42:32] [Server thread/INFO]: Preparing spawn area: 0%
[04:42:32] [Server thread/INFO]: Preparing spawn area: 0%
[04:42:32] [Server thread/INFO]: Preparing spawn area: 0%
[04:42:33] [Server thread/INFO]: Preparing spawn area: 0%
[04:42:33] [Server thread/INFO]: Preparing spawn area: 0%
[04:42:34] [Server thread/INFO]: Preparing spawn area: 0%
[04:42:34] [Server thread/INFO]: Preparing spawn area: 0%
[04:42:35] [Server thread/INFO]: Preparing spawn area: 4%
[04:42:35] [Server thread/INFO]: Preparing spawn area: 12%
[04:42:36] [Server thread/INFO]: Preparing spawn area: 22%
[04:42:36] [Server thread/INFO]: Preparing spawn area: 32%
[04:42:37] [Server thread/INFO]: Preparing spawn area: 40%
[04:42:37] [Server thread/INFO]: Preparing spawn area: 40%
[04:42:38] [Server thread/INFO]: Preparing spawn area: 42%
[04:42:39] [Server thread/INFO]: Preparing spawn area: 57%
[04:42:39] [Server thread/INFO]: Preparing spawn area: 57%
[04:42:39] [Server thread/INFO]: Time elapsed: 13433 ms
[04:42:39] [Server thread/INFO]: Preparing start region for dimension minecraft:the_end
[04:42:39] [Server thread/INFO]: Preparing spawn area: 0%
[04:42:40] [Server thread/INFO]: Time elapsed: 131 ms
[04:42:40] [Server thread/INFO]: [spark] Starting background profiler...
[04:42:41] [Server thread/INFO]: Done preparing level "world" (18.315s)
[04:42:41] [Server thread/INFO]: Running delayed init tasks
[04:42:41] [Server thread/INFO]: Done (51.348s)! For help, type "help"
[04:42:41] [Server thread/INFO]: *************************************************************************************
[04:42:41] [Server thread/INFO]: This is the first time you're starting this server.
[04:42:41] [Server thread/INFO]: It's recommended you read our 'Getting Started' documentation for guidance.
[04:42:41] [Server thread/INFO]: View this and more helpful information here: https://docs.papermc.io/paper/next-steps
[04:42:41] [Server thread/INFO]: *************************************************************************************
[04:43:41] [Server thread/INFO]: Server empty for 60 seconds, pausing
